// Jest Snapshot v1, https://goo.gl/fbAQLP

exports[`Filter snapshot 1`] = `
<DocumentFragment>
  <div
    class="card"
  >
    <div
      class="filter"
    >
      <div
        class="filter__categories"
      >
        <a
          class="filter__category"
        >
          <svg
            class="filter__icon"
            fill="currentColor"
            height="1em"
            stroke="currentColor"
            stroke-width="0"
            viewBox="0 0 1024 1024"
            width="1em"
            xmlns="http://www.w3.org/2000/svg"
          >
            <path
              d="M864 736c0-111.6-65.4-208-160-252.9V317.3c0-15.1-5.3-29.7-15.1-41.2L536.5 95.4C530.1 87.8 521 84 512 84s-18.1 3.8-24.5 11.4L335.1 276.1a63.97 63.97 0 0 0-15.1 41.2v165.8C225.4 528 160 624.4 160 736h156.5c-2.3 7.2-3.5 15-3.5 23.8 0 22.1 7.6 43.7 21.4 60.8a97.2 97.2 0 0 0 43.1 30.6c23.1 54 75.6 88.8 134.5 88.8 29.1 0 57.3-8.6 81.4-24.8 23.6-15.8 41.9-37.9 53-64a97 97 0 0 0 43.1-30.5 97.52 97.52 0 0 0 21.4-60.8c0-8.4-1.1-16.4-3.1-23.8H864zM762.3 621.4c9.4 14.6 17 30.3 22.5 46.6H700V558.7a211.6 211.6 0 0 1 62.3 62.7zM388 483.1V318.8l124-147 124 147V668H388V483.1zM239.2 668c5.5-16.3 13.1-32 22.5-46.6 16.3-25.2 37.5-46.5 62.3-62.7V668h-84.8zm388.9 116.2c-5.2 3-11.2 4.2-17.1 3.4l-19.5-2.4-2.8 19.4c-5.4 37.9-38.4 66.5-76.7 66.5-38.3 0-71.3-28.6-76.7-66.5l-2.8-19.5-19.5 2.5a27.7 27.7 0 0 1-17.1-3.5c-8.7-5-14.1-14.3-14.1-24.4 0-10.6 5.9-19.4 14.6-23.8h231.3c8.8 4.5 14.6 13.3 14.6 23.8-.1 10.2-5.5 19.6-14.2 24.5zM464 400a48 48 0 1 0 96 0 48 48 0 1 0-96 0z"
            />
          </svg>
          <span>
            Best
          </span>
        </a>
        <a
          class="filter__category"
        >
          <svg
            class="filter__icon"
            fill="none"
            height="1em"
            stroke="currentColor"
            stroke-width="0"
            viewBox="0 0 24 24"
            width="1em"
            xmlns="http://www.w3.org/2000/svg"
          >
            <path
              d="M17.657 18.657A8 8 0 016.343 7.343S7 9 9 10c0-2 .5-5 2.986-7C14 5 16.09 5.777 17.656 7.343A7.975 7.975 0 0120 13a7.975 7.975 0 01-2.343 5.657z"
              stroke-linecap="round"
              stroke-linejoin="round"
              stroke-width="2"
            />
            <path
              d="M9.879 16.121A3 3 0 1012.015 11L11 14H9c0 .768.293 1.536.879 2.121z"
              stroke-linecap="round"
              stroke-linejoin="round"
              stroke-width="2"
            />
          </svg>
          <span>
            Hot
          </span>
        </a>
        <a
          class="filter__category"
        >
          <svg
            class="filter__icon"
            fill="currentColor"
            height="1em"
            stroke="currentColor"
            stroke-width="0"
            viewBox="0 0 24 24"
            width="1em"
            xmlns="http://www.w3.org/2000/svg"
          >
            <path
              d="M0 0h24v24H0V0z"
              fill="none"
            />
            <path
              d="M23 12l-2.44-2.78.34-3.68-3.61-.82-1.89-3.18L12 3 8.6 1.54 6.71 4.72l-3.61.81.34 3.68L1 12l2.44 2.78-.34 3.69 3.61.82 1.89 3.18L12 21l3.4 1.46 1.89-3.18 3.61-.82-.34-3.68L23 12zm-4.51 2.11l.26 2.79-2.74.62-1.43 2.41L12 18.82l-2.58 1.11-1.43-2.41-2.74-.62.26-2.8L3.66 12l1.85-2.12-.26-2.78 2.74-.61 1.43-2.41L12 5.18l2.58-1.11 1.43 2.41 2.74.62-.26 2.79L20.34 12l-1.85 2.11zM11 15h2v2h-2zm0-8h2v6h-2z"
            />
          </svg>
          <span>
            New
          </span>
        </a>
        <a
          class="filter__category"
        >
          <svg
            class="filter__icon"
            fill="currentColor"
            height="1em"
            stroke="currentColor"
            stroke-width="0"
            viewBox="0 0 24 24"
            width="1em"
            xmlns="http://www.w3.org/2000/svg"
          >
            <path
              d="M0 0h24v24H0z"
              fill="none"
            />
            <path
              d="M16 11V3H8v6H2v12h20V11h-6zm-6-6h4v14h-4V5zm-6 6h4v8H4v-8zm16 8h-4v-6h4v6z"
            />
          </svg>
          <span>
            Top
          </span>
        </a>
        <a
          class="filter__category"
        >
          <svg
            fill="currentColor"
            height="1em"
            stroke="currentColor"
            stroke-width="0"
            viewBox="0 0 16 16"
            width="1em"
            xmlns="http://www.w3.org/2000/svg"
          >
            <path
              d="M3 9.5a1.5 1.5 0 1 1 0-3 1.5 1.5 0 0 1 0 3zm5 0a1.5 1.5 0 1 1 0-3 1.5 1.5 0 0 1 0 3zm5 0a1.5 1.5 0 1 1 0-3 1.5 1.5 0 0 1 0 3z"
            />
          </svg>
        </a>
      </div>
      <div
        class="filter__category"
      >
        <svg
          class="filter__icon"
          fill="currentColor"
          height="1em"
          stroke="currentColor"
          stroke-width="0"
          viewBox="0 0 16 16"
          width="1em"
          xmlns="http://www.w3.org/2000/svg"
        >
          <path
            d="M4.98 1a.5.5 0 0 0-.39.188L1.54 5H6a.5.5 0 0 1 .5.5 1.5 1.5 0 0 0 3 0A.5.5 0 0 1 10 5h4.46l-3.05-3.812A.5.5 0 0 0 11.02 1H4.98zM3.81.563A1.5 1.5 0 0 1 4.98 0h6.04a1.5 1.5 0 0 1 1.17.563l3.7 4.625a.5.5 0 0 1 .106.374l-.39 3.124A1.5 1.5 0 0 1 14.117 10H1.883A1.5 1.5 0 0 1 .394 8.686l-.39-3.124a.5.5 0 0 1 .106-.374L3.81.563zM.125 11.17A.5.5 0 0 1 .5 11H6a.5.5 0 0 1 .5.5 1.5 1.5 0 0 0 3 0 .5.5 0 0 1 .5-.5h5.5a.5.5 0 0 1 .496.562l-.39 3.124A1.5 1.5 0 0 1 14.117 16H1.883a1.5 1.5 0 0 1-1.489-1.314l-.39-3.124a.5.5 0 0 1 .121-.393z"
          />
        </svg>
        <svg
          class="filter__icon"
          fill="currentColor"
          height="1em"
          stroke="currentColor"
          stroke-width="0"
          viewBox="0 0 512 512"
          width="1em"
          xmlns="http://www.w3.org/2000/svg"
        >
          <path
            d="M256 294.1L383 167c9.4-9.4 24.6-9.4 33.9 0s9.3 24.6 0 34L273 345c-9.1 9.1-23.7 9.3-33.1.7L95 201.1c-4.7-4.7-7-10.9-7-17s2.3-12.3 7-17c9.4-9.4 24.6-9.4 33.9 0l127.1 127z"
          />
        </svg>
      </div>
    </div>
  </div>
</DocumentFragment>
`;
