// Jest Snapshot v1, https://goo.gl/fbAQLP

exports[`PostCreatorCard snapshot 1`] = `
<DocumentFragment>
  <div
    class="card"
  >
    <div
      class="post-creator-card"
    >
      <div
        class="post-creator-card__picture"
      >
        <img
          alt="default reddit profile"
          class="post-creator-card__profile-icon"
          src="https://styles.redditmedia.com/t5_g2km0/styles/profileIcon_snood9e1c00c-b1c6-46a9-a231-a6fcd78cdd16-headshot.png?width=256&height=256&frame=1&crop=256:256,smart&s=7bd48be150588ab7dc3dc5c73be4d0dcddeeae8d"
        />
      </div>
      <input
        class="post-creator-card__input"
        placeholder="Create Post"
      />
      <a
        class="post-creator-card__icon-link"
      >
        <svg
          class="post-creator-card__icon"
          fill="currentColor"
          height="1em"
          stroke="currentColor"
          stroke-width="0"
          viewBox="0 0 1024 1024"
          width="1em"
          xmlns="http://www.w3.org/2000/svg"
        >
          <path
            d="M928 160H96c-17.7 0-32 14.3-32 32v640c0 17.7 14.3 32 32 32h832c17.7 0 32-14.3 32-32V192c0-17.7-14.3-32-32-32zm-40 632H136v-39.9l138.5-164.3 150.1 178L658.1 489 888 761.6V792zm0-129.8L664.2 396.8c-3.2-3.8-9-3.8-12.2 0L424.6 666.4l-144-170.7c-3.2-3.8-9-3.8-12.2 0L136 652.7V232h752v430.2zM304 456a88 88 0 1 0 0-176 88 88 0 0 0 0 176zm0-116c15.5 0 28 12.5 28 28s-12.5 28-28 28-28-12.5-28-28 12.5-28 28-28z"
          />
        </svg>
      </a>
      <a
        class="post-creator-card__icon-link"
      >
        <svg
          class="post-creator-card__icon"
          fill="currentColor"
          height="1em"
          stroke="currentColor"
          stroke-width="0"
          viewBox="0 0 16 16"
          width="1em"
          xmlns="http://www.w3.org/2000/svg"
        >
          <path
            d="M4.715 6.542 3.343 7.914a3 3 0 1 0 4.243 4.243l1.828-1.829A3 3 0 0 0 8.586 5.5L8 6.086a1.002 1.002 0 0 0-.154.199 2 2 0 0 1 .861 3.337L6.88 11.45a2 2 0 1 1-2.83-2.83l.793-.792a4.018 4.018 0 0 1-.128-1.287z"
          />
          <path
            d="M6.586 4.672A3 3 0 0 0 7.414 9.5l.775-.776a2 2 0 0 1-.896-3.346L9.12 3.55a2 2 0 1 1 2.83 2.83l-.793.792c.112.42.155.855.128 1.287l1.372-1.372a3 3 0 1 0-4.243-4.243L6.586 4.672z"
          />
        </svg>
      </a>
    </div>
  </div>
</DocumentFragment>
`;
