// Jest Snapshot v1, https://goo.gl/fbAQLP

exports[`Comment snapshot 1`] = `
<DocumentFragment>
  <div
    class="comment"
  >
    <div
      class="comment__author"
    >
      this is a mock comment
    </div>
  </div>
</DocumentFragment>
`;
